This is pdfTeX, Version 3.141592653-2.6-1.40.27 (TeX Live 2025) (preloaded format=pdflatex 2025.8.4)  21 AUG 2026 16:14
entering extended mode
 restricted \write18 enabled.
 %&-line parsing enabled.
**HEFT_GHNLO_AEM_scheme.tex
(./HEFT_GHNLO_AEM_scheme.tex
LaTeX2e <2024-11-01> patch level 2
L3 programming layer <2025-01-18>
(/usr/local/texlive/2025/texmf-dist/tex/latex/base/article.cls
Document Class: article 2024/06/29 v1.4n Standard LaTeX document class
(/usr/local/texlive/2025/texmf-dist/tex/latex/base/size11.clo
File: size11.clo 2024/06/29 v1.4n Standard LaTeX file (size option)
)
\c@part=\count196
\c@section=\count197
\c@subsection=\count198
\c@subsubsection=\count199
\c@paragraph=\count266
\c@subparagraph=\count267
\c@figure=\count268
\c@table=\count269
\abovecaptionskip=\skip49
\belowcaptionskip=\skip50
\bibindent=\dimen141
)
(/usr/local/texlive/2025/texmf-dist/tex/latex/amsmath/amsmath.sty
Package: amsmath 2024/11/05 v2.17t AMS math features
\@mathmargin=\skip51

For additional information on amsmath, use the `?' option.
(/usr/local/texlive/2025/texmf-dist/tex/latex/amsmath/amstext.sty
Package: amstext 2021/08/26 v2.01 AMS text

(/usr/local/texlive/2025/texmf-dist/tex/latex/amsmath/amsgen.sty
File: amsgen.sty 1999/11/30 v2.0 generic functions
\@emptytoks=\toks17
\ex@=\dimen142
))
(/usr/local/texlive/2025/texmf-dist/tex/latex/amsmath/amsbsy.sty
Package: amsbsy 1999/11/29 v1.2d Bold Symbols
\pmbraise@=\dimen143
)
(/usr/local/texlive/2025/texmf-dist/tex/latex/amsmath/amsopn.sty
Package: amsopn 2022/04/08 v2.04 operator names
)
\inf@bad=\count270
LaTeX Info: Redefining \frac on input line 233.
\uproot@=\count271
\leftroot@=\count272
LaTeX Info: Redefining \overline on input line 398.
LaTeX Info: Redefining \colon on input line 409.
\classnum@=\count273
\DOTSCASE@=\count274
LaTeX Info: Redefining \ldots on input line 495.
LaTeX Info: Redefining \dots on input line 498.
LaTeX Info: Redefining \cdots on input line 619.
\Mathstrutbox@=\box52
\strutbox@=\box53
LaTeX Info: Redefining \big on input line 721.
LaTeX Info: Redefining \Big on input line 722.
LaTeX Info: Redefining \bigg on input line 723.
LaTeX Info: Redefining \Bigg on input line 724.
\big@size=\dimen144
LaTeX Font Info:    Redeclaring font encoding OML on input line 742.
LaTeX Font Info:    Redeclaring font encoding OMS on input line 743.
\macc@depth=\count275
LaTeX Info: Redefining \bmod on input line 904.
LaTeX Info: Redefining \pmod on input line 909.
LaTeX Info: Redefining \smash on input line 939.
LaTeX Info: Redefining \relbar on input line 969.
LaTeX Info: Redefining \Relbar on input line 970.
\c@MaxMatrixCols=\count276
\dotsspace@=\muskip17
\c@parentequation=\count277
\dspbrk@lvl=\count278
\tag@help=\toks18
\row@=\count279
\column@=\count280
\maxfields@=\count281
\andhelp@=\toks19
\eqnshift@=\dimen145
\alignsep@=\dimen146
\tagshift@=\dimen147
\tagwidth@=\dimen148
\totwidth@=\dimen149
\lineht@=\dimen150
\@envbody=\toks20
\multlinegap=\skip52
\multlinetaggap=\skip53
\mathdisplay@stack=\toks21
LaTeX Info: Redefining \[ on input line 2953.
LaTeX Info: Redefining \] on input line 2954.
)
(/usr/local/texlive/2025/texmf-dist/tex/latex/amsfonts/amssymb.sty
Package: amssymb 2013/01/14 v3.01 AMS font symbols

(/usr/local/texlive/2025/texmf-dist/tex/latex/amsfonts/amsfonts.sty
Package: amsfonts 2013/01/14 v3.01 Basic AMSFonts support
\symAMSa=\mathgroup4
\symAMSb=\mathgroup5
LaTeX Font Info:    Redeclaring math symbol \hbar on input line 98.
LaTeX Font Info:    Overwriting math alphabet `\mathfrak' in version `bold'
(Font)                  U/euf/m/n --> U/euf/b/n on input line 106.
))
(/usr/local/texlive/2025/texmf-dist/tex/latex/l3backend/l3backend-pdftex.def
File: l3backend-pdftex.def 2024-05-08 L3 backend support: PDF output (pdfTeX)
\l__color_backend_stack_int=\count282
\l__pdf_internal_box=\box54
)
No file HEFT_GHNLO_AEM_scheme.aux.
\openout1 = `HEFT_GHNLO_AEM_scheme.aux'.

LaTeX Font Info:    Checking defaults for OML/cmm/m/it on input line 14.
LaTeX Font Info:    ... okay on input line 14.
LaTeX Font Info:    Checking defaults for OMS/cmsy/m/n on input line 14.
LaTeX Font Info:    ... okay on input line 14.
LaTeX Font Info:    Checking defaults for OT1/cmr/m/n on input line 14.
LaTeX Font Info:    ... okay on input line 14.
LaTeX Font Info:    Checking defaults for T1/cmr/m/n on input line 14.
LaTeX Font Info:    ... okay on input line 14.
LaTeX Font Info:    Checking defaults for TS1/cmr/m/n on input line 14.
LaTeX Font Info:    ... okay on input line 14.
LaTeX Font Info:    Checking defaults for OMX/cmex/m/n on input line 14.
LaTeX Font Info:    ... okay on input line 14.
LaTeX Font Info:    Checking defaults for U/cmr/m/n on input line 14.
LaTeX Font Info:    ... okay on input line 14.
LaTeX Font Info:    Trying to load font information for U+msa on input line 22.

(/usr/local/texlive/2025/texmf-dist/tex/latex/amsfonts/umsa.fd
File: umsa.fd 2013/01/14 v3.01 AMS symbols A
)
LaTeX Font Info:    Trying to load font information for U+msb on input line 22.


(/usr/local/texlive/2025/texmf-dist/tex/latex/amsfonts/umsb.fd
File: umsb.fd 2013/01/14 v3.01 AMS symbols B
)

[1

{/usr/local/texlive/2025/texmf-var/fonts/map/pdftex/updmap/pdftex.map}]

[2{/usr/local/texlive/2025/texmf-dist/fonts/enc/dvips/cm-super/cm-super-ts1.enc
}]
Overfull \hbox (80.52841pt too wide) in paragraph at lines 130--132
| $\OMS/cmsy/m/n/10.95 ^^@[] \OT1/cmr/m/n/10.95 + 
 []


Overfull \hbox (50.67216pt too wide) in paragraph at lines 130--132
[] \OT1/cmr/m/n/10.95 + 
 []


Overfull \hbox (50.67216pt too wide) in paragraph at lines 130--132
[] \OMS/cmsy/m/n/10.95 ^^@ 
 []


Overfull \hbox (50.67216pt too wide) in paragraph at lines 130--132
[] \OMS/cmsy/m/n/10.95 ^^@ 
 []


Overfull \hbox (50.67216pt too wide) in paragraph at lines 130--132
[] \OT1/cmr/m/n/10.95 + 
 []


Overfull \hbox (42.15547pt too wide) in paragraph at lines 130--132
[]$  
 []



[3]

[4]
Overfull \hbox (88.27963pt too wide) in paragraph at lines 146--148
| $[]$  
 []


Overfull \hbox (88.27963pt too wide) in paragraph at lines 150--152
| $[]$  
 []


Overfull \hbox (88.27963pt too wide) in paragraph at lines 154--156
| $[]$  
 []



[5]

[6]
Overfull \hbox (10.2053pt too wide) in paragraph at lines 170--172
| $\OMS/cmsy/m/n/10.95 ^^@[] ^^@ 
 []


Overfull \hbox (82.7473pt too wide) in paragraph at lines 170--172
[] \OT1/cmr/m/n/10.95 + 
 []


Overfull \hbox (0.83286pt too wide) in paragraph at lines 170--172
[] \OT1/cmr/m/n/10.95 + 
 []


Overfull \hbox (10.2053pt too wide) in paragraph at lines 174--176
| $\OMS/cmsy/m/n/10.95 ^^@[] ^^@ 
 []


Overfull \hbox (82.7473pt too wide) in paragraph at lines 174--176
[] \OT1/cmr/m/n/10.95 + 
 []


Overfull \hbox (0.83286pt too wide) in paragraph at lines 174--176
[] \OT1/cmr/m/n/10.95 + 
 []



[7]
Overfull \hbox (10.2053pt too wide) in paragraph at lines 178--180
| $\OMS/cmsy/m/n/10.95 ^^@[] ^^@ 
 []


Overfull \hbox (82.7473pt too wide) in paragraph at lines 178--180
[] \OT1/cmr/m/n/10.95 + 
 []


Overfull \hbox (0.83286pt too wide) in paragraph at lines 178--180
[] \OT1/cmr/m/n/10.95 + 
 []


Overfull \hbox (10.2053pt too wide) in paragraph at lines 182--184
| $\OMS/cmsy/m/n/10.95 ^^@[] ^^@ 
 []


Overfull \hbox (82.7473pt too wide) in paragraph at lines 182--184
[] \OT1/cmr/m/n/10.95 + 
 []


Overfull \hbox (0.83286pt too wide) in paragraph at lines 182--184
[] \OT1/cmr/m/n/10.95 + 
 []


Overfull \hbox (10.2053pt too wide) in paragraph at lines 186--188
| $\OMS/cmsy/m/n/10.95 ^^@[] ^^@ 
 []


Overfull \hbox (82.7473pt too wide) in paragraph at lines 186--188
[] \OT1/cmr/m/n/10.95 + 
 []


Overfull \hbox (0.83286pt too wide) in paragraph at lines 186--188
[] \OT1/cmr/m/n/10.95 + 
 []



[8]
Overfull \hbox (10.2053pt too wide) in paragraph at lines 190--192
| $\OMS/cmsy/m/n/10.95 ^^@[] ^^@ 
 []


Overfull \hbox (82.7473pt too wide) in paragraph at lines 190--192
[] \OT1/cmr/m/n/10.95 + 
 []


Overfull \hbox (0.83286pt too wide) in paragraph at lines 190--192
[] \OT1/cmr/m/n/10.95 + 
 []


Overfull \hbox (10.2053pt too wide) in paragraph at lines 194--196
| $\OMS/cmsy/m/n/10.95 ^^@[] ^^@ 
 []


Overfull \hbox (82.7473pt too wide) in paragraph at lines 194--196
[] \OT1/cmr/m/n/10.95 + 
 []


Overfull \hbox (0.83286pt too wide) in paragraph at lines 194--196
[] \OT1/cmr/m/n/10.95 + 
 []


Overfull \hbox (10.2053pt too wide) in paragraph at lines 198--200
| $\OMS/cmsy/m/n/10.95 ^^@[] ^^@ 
 []


Overfull \hbox (82.7473pt too wide) in paragraph at lines 198--200
[] \OT1/cmr/m/n/10.95 + 
 []


Overfull \hbox (0.83286pt too wide) in paragraph at lines 198--200
[] \OT1/cmr/m/n/10.95 + 
 []



[9]
Overfull \hbox (10.2053pt too wide) in paragraph at lines 202--204
| $\OMS/cmsy/m/n/10.95 ^^@[] ^^@ 
 []


Overfull \hbox (82.7473pt too wide) in paragraph at lines 202--204
[] \OT1/cmr/m/n/10.95 + 
 []


Overfull \hbox (0.83286pt too wide) in paragraph at lines 202--204
[] \OT1/cmr/m/n/10.95 + 
 []


Overfull \hbox (14.53862pt too wide) in paragraph at lines 206--208
| $\OMS/cmsy/m/n/10.95 ^^@[] ^^@ 
 []


Overfull \hbox (87.08061pt too wide) in paragraph at lines 206--208
[] \OT1/cmr/m/n/10.95 + 
 []


Overfull \hbox (5.16617pt too wide) in paragraph at lines 206--208
[] \OT1/cmr/m/n/10.95 + 
 []


Overfull \hbox (14.53862pt too wide) in paragraph at lines 210--212
| $\OMS/cmsy/m/n/10.95 ^^@[] ^^@ 
 []


Overfull \hbox (87.08061pt too wide) in paragraph at lines 210--212
[] \OT1/cmr/m/n/10.95 + 
 []


Overfull \hbox (5.16617pt too wide) in paragraph at lines 210--212
[] \OT1/cmr/m/n/10.95 + 
 []



[10]
Overfull \hbox (14.53862pt too wide) in paragraph at lines 214--216
| $\OMS/cmsy/m/n/10.95 ^^@[] ^^@ 
 []


Overfull \hbox (87.08061pt too wide) in paragraph at lines 214--216
[] \OT1/cmr/m/n/10.95 + 
 []


Overfull \hbox (5.16617pt too wide) in paragraph at lines 214--216
[] \OT1/cmr/m/n/10.95 + 
 []


Overfull \hbox (14.53862pt too wide) in paragraph at lines 218--220
| $\OMS/cmsy/m/n/10.95 ^^@[] ^^@ 
 []


Overfull \hbox (87.08061pt too wide) in paragraph at lines 218--220
[] \OT1/cmr/m/n/10.95 + 
 []


Overfull \hbox (5.16617pt too wide) in paragraph at lines 218--220
[] \OT1/cmr/m/n/10.95 + 
 []


Overfull \hbox (14.53862pt too wide) in paragraph at lines 222--224
| $\OMS/cmsy/m/n/10.95 ^^@[] ^^@ 
 []


Overfull \hbox (87.08061pt too wide) in paragraph at lines 222--224
[] \OT1/cmr/m/n/10.95 + 
 []


Overfull \hbox (5.16617pt too wide) in paragraph at lines 222--224
[] \OT1/cmr/m/n/10.95 + 
 []



[11]
Overfull \hbox (14.53862pt too wide) in paragraph at lines 226--228
| $\OMS/cmsy/m/n/10.95 ^^@[] ^^@ 
 []


Overfull \hbox (87.08061pt too wide) in paragraph at lines 226--228
[] \OT1/cmr/m/n/10.95 + 
 []


Overfull \hbox (5.16617pt too wide) in paragraph at lines 226--228
[] \OT1/cmr/m/n/10.95 + 
 []


Overfull \hbox (14.53862pt too wide) in paragraph at lines 230--232
| $\OMS/cmsy/m/n/10.95 ^^@[] ^^@ 
 []


Overfull \hbox (87.08061pt too wide) in paragraph at lines 230--232
[] \OT1/cmr/m/n/10.95 + 
 []


Overfull \hbox (5.16617pt too wide) in paragraph at lines 230--232
[] \OT1/cmr/m/n/10.95 + 
 []


Overfull \hbox (14.53862pt too wide) in paragraph at lines 234--236
| $\OMS/cmsy/m/n/10.95 ^^@[] ^^@ 
 []


Overfull \hbox (87.08061pt too wide) in paragraph at lines 234--236
[] \OT1/cmr/m/n/10.95 + 
 []


Overfull \hbox (5.16617pt too wide) in paragraph at lines 234--236
[] \OT1/cmr/m/n/10.95 + 
 []



[12]
Overfull \hbox (14.53862pt too wide) in paragraph at lines 238--240
| $\OMS/cmsy/m/n/10.95 ^^@[] ^^@ 
 []


Overfull \hbox (87.08061pt too wide) in paragraph at lines 238--240
[] \OT1/cmr/m/n/10.95 + 
 []


Overfull \hbox (5.16617pt too wide) in paragraph at lines 238--240
[] \OT1/cmr/m/n/10.95 + 
 []


Overfull \hbox (91.12958pt too wide) in paragraph at lines 242--244
| $\OMS/cmsy/m/n/10.95 ^^@[]$  
 []


Overfull \hbox (91.12958pt too wide) in paragraph at lines 246--248
| $\OMS/cmsy/m/n/10.95 ^^@[]$  
 []


Overfull \hbox (91.12958pt too wide) in paragraph at lines 250--252
| $\OMS/cmsy/m/n/10.95 ^^@[]$  
 []



[13]

[14]

[15]
Overfull \hbox (18.25328pt too wide) in paragraph at lines 278--280
[] \OT1/cmr/m/n/10.95 + 
 []


Overfull \hbox (18.25328pt too wide) in paragraph at lines 282--284
[] \OT1/cmr/m/n/10.95 + 
 []


Overfull \hbox (18.25328pt too wide) in paragraph at lines 286--288
[] \OT1/cmr/m/n/10.95 + 
 []



[16]
Overfull \hbox (18.25328pt too wide) in paragraph at lines 290--292
[] \OT1/cmr/m/n/10.95 + 
 []


Overfull \hbox (18.25328pt too wide) in paragraph at lines 294--296
[] \OT1/cmr/m/n/10.95 + 
 []


Overfull \hbox (18.25328pt too wide) in paragraph at lines 298--300
[] \OT1/cmr/m/n/10.95 + 
 []



[17]
Overfull \hbox (62.8409pt too wide) in paragraph at lines 302--304
| $\OMS/cmsy/m/n/10.95 ^^@[]$  
 []


Overfull \hbox (62.8409pt too wide) in paragraph at lines 306--308
| $\OMS/cmsy/m/n/10.95 ^^@[]$  
 []


Overfull \hbox (62.8409pt too wide) in paragraph at lines 310--312
| $\OMS/cmsy/m/n/10.95 ^^@[]$  
 []



[18]

[19]

[20]
Overfull \hbox (155.07956pt too wide) in paragraph at lines 383--385
| $[] \OMS/cmsy/m/n/10.95 ^^@ 
 []


Overfull \hbox (59.22922pt too wide) in paragraph at lines 383--385
[] \OMS/cmsy/m/n/10.95 ^^@ 
 []


Overfull \hbox (128.07326pt too wide) in paragraph at lines 383--385
[] \OT1/cmr/m/n/10.95 + 
 []


Overfull \hbox (53.56247pt too wide) in paragraph at lines 383--385
[] \OMS/cmsy/m/n/10.95 ^^@ 
 []


Overfull \hbox (128.07326pt too wide) in paragraph at lines 383--385
[] \OT1/cmr/m/n/10.95 + 
 []


Overfull \hbox (53.56247pt too wide) in paragraph at lines 383--385
[] \OT1/cmr/m/n/10.95 + 
 []


Overfull \hbox (237.55493pt too wide) in paragraph at lines 383--385
[] \OMS/cmsy/m/n/10.95 ^^@ 
 []


Overfull \hbox (163.04414pt too wide) in paragraph at lines 383--385
[] \OMS/cmsy/m/n/10.95 ^^@ 
 []


Overfull \hbox (231.88818pt too wide) in paragraph at lines 383--385
[] \OT1/cmr/m/n/10.95 + 
 []


Overfull \hbox (157.3774pt too wide) in paragraph at lines 383--385
[] \OMS/cmsy/m/n/10.95 ^^@ 
 []


Overfull \hbox (231.88818pt too wide) in paragraph at lines 383--385
[] \OT1/cmr/m/n/10.95 + 
 []


Overfull \hbox (157.3774pt too wide) in paragraph at lines 383--385
[] \OT1/cmr/m/n/10.95 + 
 []


Overfull \hbox (49.62955pt too wide) in paragraph at lines 383--385
[] \OMS/cmsy/m/n/10.95 ^^@ 
 []


Overfull \hbox (124.14034pt too wide) in paragraph at lines 383--385
[] \OMS/cmsy/m/n/10.95 ^^@ 
 []


Overfull \hbox (49.62955pt too wide) in paragraph at lines 383--385
[] \OT1/cmr/m/n/10.95 + 
 []


Overfull \hbox (124.14034pt too wide) in paragraph at lines 383--385
[] \OMS/cmsy/m/n/10.95 ^^@ 
 []


Overfull \hbox (49.62955pt too wide) in paragraph at lines 383--385
[] \OT1/cmr/m/n/10.95 + 
 []


Overfull \hbox (124.14034pt too wide) in paragraph at lines 383--385
[] \OT1/cmr/m/n/10.95 + 
 []


Overfull \hbox (170.44286pt too wide) in paragraph at lines 383--385
[] \OMS/cmsy/m/n/10.95 ^^@ 
 []


Overfull \hbox (170.44286pt too wide) in paragraph at lines 383--385
[] \OMS/cmsy/m/n/10.95 ^^@ 
 []


Overfull \hbox (161.92616pt too wide) in paragraph at lines 383--385
[]$  
 []



[21]

[22]

[23]

[24]

[25] (./HEFT_GHNLO_AEM_scheme.aux)
 ***********
LaTeX2e <2024-11-01> patch level 2
L3 programming layer <2025-01-18>
 ***********
 ) 
Here is how much of TeX's memory you used:
 1712 strings out of 473190
 24170 string characters out of 5715801
 476169 words of memory out of 5000000
 24999 multiletter control sequences out of 15000+600000
 566157 words of font info for 64 fonts, out of 8000000 for 9000
 1141 hyphenation exceptions out of 8191
 56i,9n,65p,8916b,320s stack positions out of 10000i,1000n,20000p,200000b,200000s
</usr/local/texlive/2025/texmf-dist/fonts/type1/public/amsfonts/cm/cmbx10.pfb
></usr/local/texlive/2025/texmf-dist/fonts/type1/public/amsfonts/cm/cmbx12.pfb>
</usr/local/texlive/2025/texmf-dist/fonts/type1/public/amsfonts/cm/cmex10.pfb><
/usr/local/texlive/2025/texmf-dist/fonts/type1/public/amsfonts/cmextra/cmex8.pf
b></usr/local/texlive/2025/texmf-dist/fonts/type1/public/amsfonts/cm/cmmi10.pfb
></usr/local/texlive/2025/texmf-dist/fonts/type1/public/amsfonts/cm/cmmi6.pfb><
/usr/local/texlive/2025/texmf-dist/fonts/type1/public/amsfonts/cm/cmmi8.pfb></u
sr/local/texlive/2025/texmf-dist/fonts/type1/public/amsfonts/cm/cmr10.pfb></usr
/local/texlive/2025/texmf-dist/fonts/type1/public/amsfonts/cm/cmr6.pfb></usr/lo
cal/texlive/2025/texmf-dist/fonts/type1/public/amsfonts/cm/cmr8.pfb></usr/local
/texlive/2025/texmf-dist/fonts/type1/public/amsfonts/cm/cmsy10.pfb></usr/local/
texlive/2025/texmf-dist/fonts/type1/public/amsfonts/cm/cmsy6.pfb></usr/local/te
xlive/2025/texmf-dist/fonts/type1/public/amsfonts/cm/cmsy8.pfb></usr/local/texl
ive/2025/texmf-dist/fonts/type1/public/amsfonts/cm/cmtt10.pfb></usr/local/texli
ve/2025/texmf-dist/fonts/type1/public/cm-super/sfrm1095.pfb>
Output written on HEFT_GHNLO_AEM_scheme.pdf (25 pages, 252091 bytes).
PDF statistics:
 162 PDF objects out of 1000 (max. 8388607)
 103 compressed objects within 2 object streams
 0 named destinations out of 1000 (max. 500000)
 1 words of extra memory for PDF output out of 10000 (max. 10000000)

